[backblue.gif]
[fade.gif]
[index.html]
[lotopremio14pontos.site/wp-includes/css/dist/block-library/style.mind9cd.css]
[lotopremio14pontos.site/wp-content/themes/twentytwentyone/style4e44.css]
[lotopremio14pontos.site/wp-content/themes/twentytwentyone/assets/css/print4e44.css]
[lotopremio14pontos.site/wp-content/plugins/elementor/assets/lib/eicons/css/elementor-icons.mine900.css]
[lotopremio14pontos.site/wp-content/plugins/elementor/assets/css/frontend.min10cb.css]
[lotopremio14pontos.site/wp-content/uploads/elementor/css/post-53545e4.css]
[lotopremio14pontos.site/wp-content/plugins/elementor-pro/assets/css/frontend.min49eb.css]
[lotopremio14pontos.site/wp-content/uploads/elementor/css/global643d.css]
[lotopremio14pontos.site/wp-content/uploads/elementor/css/post-820f4c1.css]
[lotopremio14pontos.site/wp-content/plugins/elementor/assets/lib/font-awesome/css/fontawesome.min52d5.css]
[lotopremio14pontos.site/wp-content/plugins/elementor/assets/lib/font-awesome/css/regular.min52d5.css]
[lotopremio14pontos.site/wp-content/plugins/elementor/assets/lib/font-awesome/css/solid.min52d5.css]
[lotopremio14pontos.site/wp-includes/js/jquery/jquery.minaf6c.js]
[lotopremio14pontos.site/wp-includes/js/jquery/jquery-migrate.mind617.js]
[lotopremio14pontos.site/wp-content/plugins/pixelyoursite/dist/scripts/jquery.bind-first-0.2.3.mind9cd.js]
[lotopremio14pontos.site/wp-content/plugins/pixelyoursite/dist/scripts/js.cookie-2.1.3.min4c71.js]
[lotopremio14pontos.site/wp-content/plugins/pixelyoursite/dist/scripts/public0fcc.js]
[cdnjs.cloudflare.com/ajax/libs/font-awesome/5.15.1/css/all.min.css]
[connect.facebook.net/en_US/fbevents.js]
[cdn.converteai.net/75491efa-d18b-40ce-828b-5d2a53aaca5f/players/62240dc238ffea0008d31e44/player.js]
[lotopremio14pontos.site/wp-content/uploads/2022/03/verifique-o-som.png]
[lotopremio14pontos.site/wp-content/uploads/2022/03/compra-segura-1024x124.png]
[player.vimeo.com/api/player.js]
[lotopremio14pontos.site/wp-content/uploads/2022/03/ps-11-1024x737.png]
[lotopremio14pontos.site/wp-content/uploads/2022/03/ps-22-1024x737.png]
[lotopremio14pontos.site/wp-content/uploads/2022/03/ps-33-1024x737.png]
[lotopremio14pontos.site/wp-content/uploads/2022/03/ps-44-1024x737.png]
[lotopremio14pontos.site/wp-content/uploads/2022/03/compra-segura-1-1024x147.png]
[lotopremio14pontos.site/wp-content/uploads/2022/03/logo-sistema-loto-premio-1-1024x372.png]
[lotopremio14pontos.site/wp-content/plugins/elementor/assets/lib/animations/animations.min10cb.css]
[lotopremio14pontos.site/wp-content/themes/twentytwentyone/assets/js/polyfills4e44.js]
[lotopremio14pontos.site/wp-content/themes/twentytwentyone/assets/js/responsive-embeds4e44.js]
[lotopremio14pontos.site/wp-content/plugins/elementor/assets/lib/jquery-numerator/jquery-numerator.min3958.js]
[lotopremio14pontos.site/wp-content/plugins/elementor-pro/assets/js/webpack-pro.runtime.min49eb.js]
[lotopremio14pontos.site/wp-content/plugins/elementor/assets/js/webpack.runtime.min10cb.js]
[lotopremio14pontos.site/wp-content/plugins/elementor/assets/js/frontend-modules.min10cb.js]
[lotopremio14pontos.site/wp-content/plugins/elementor-pro/assets/js/frontend.min49eb.js]
[lotopremio14pontos.site/wp-content/plugins/elementor/assets/lib/waypoints/waypoints.min05da.js]
[lotopremio14pontos.site/wp-includes/js/jquery/ui/core.min0028.js]
[lotopremio14pontos.site/wp-content/plugins/elementor/assets/js/frontend.min10cb.js]
[lotopremio14pontos.site/wp-content/plugins/elementor-pro/assets/js/elements-handlers.min49eb.js]
[www.loto-premio.com/14pts.html]
[lotopremio14pontos.site/wp-includes/css/dist/block-library/style.mind9cd.css]
[lotopremio14pontos.site/wp-content/themes/twentytwentyone/style4e44.css]
[lotopremio14pontos.site/wp-content/themes/twentytwentyone/assets/css/print4e44.css]
[lotopremio14pontos.site/wp-content/plugins/elementor/assets/lib/eicons/css/elementor-icons.mine900.css]
[lotopremio14pontos.site/wp-content/plugins/elementor/assets/css/frontend.min10cb.css]
[lotopremio14pontos.site/wp-content/uploads/elementor/css/post-53545e4.css]
[lotopremio14pontos.site/wp-content/plugins/elementor-pro/assets/css/frontend.min49eb.css]
[lotopremio14pontos.site/wp-content/uploads/elementor/css/global643d.css]
[lotopremio14pontos.site/wp-content/uploads/elementor/css/post-820f4c1.css]
[lotopremio14pontos.site/wp-content/plugins/elementor/assets/lib/font-awesome/css/fontawesome.min52d5.css]
[lotopremio14pontos.site/wp-content/plugins/elementor/assets/lib/font-awesome/css/regular.min52d5.css]
[lotopremio14pontos.site/wp-content/plugins/elementor/assets/lib/font-awesome/css/solid.min52d5.css]
[lotopremio14pontos.site/wp-includes/js/jquery/jquery.minaf6c.js]
[lotopremio14pontos.site/wp-includes/js/jquery/jquery-migrate.mind617.js]
[lotopremio14pontos.site/wp-content/plugins/pixelyoursite/dist/scripts/jquery.bind-first-0.2.3.mind9cd.js]
[lotopremio14pontos.site/wp-content/plugins/pixelyoursite/dist/scripts/js.cookie-2.1.3.min4c71.js]
[lotopremio14pontos.site/wp-content/plugins/pixelyoursite/dist/scripts/public0fcc.js]
[cdnjs.cloudflare.com/ajax/libs/font-awesome/5.15.1/css/all.min.css]
[www.loto-premio.com/site/elementor-icons-master/fonts/eiconsa481.eot]
[www.loto-premio.com/site/elementor-icons-master/fonts/eiconsa481.woff2]
[www.loto-premio.com/site/elementor-icons-master/fonts/eiconsa481.woff]
[www.loto-premio.com/site/elementor-icons-master/fonts/eiconsa481.ttf]
[www.loto-premio.com/site/elementor-icons-master/css/elementor-icons.css]
[connect.facebook.net/en_US/fbevents.js]
[lotooficialem7dias.com/wp-content/uploads/2022/03/faturando-4.html]
[lotooficialem7dias.com/wp-content/uploads/2022/03/WhatsApp-Image-2022-03-10-at-11.48.18.html]
[lotooficialem7dias.com/wp-content/uploads/2022/03/WhatsApp-Image-2022-03-10-at-11.48.29.html]
[lotopremio14pontos.site/wp-content/plugins/elementor/assets/lib/animations/animations.min10cb.css]
[lotopremio14pontos.site/wp-content/themes/twentytwentyone/assets/js/polyfills4e44.js]
[lotopremio14pontos.site/wp-content/themes/twentytwentyone/assets/js/responsive-embeds4e44.js]
[lotopremio14pontos.site/wp-content/plugins/elementor/assets/lib/jquery-numerator/jquery-numerator.min3958.js]
[lotopremio14pontos.site/wp-content/plugins/elementor-pro/assets/js/webpack-pro.runtime.min49eb.js]
[lotopremio14pontos.site/wp-content/plugins/elementor/assets/js/webpack.runtime.min10cb.js]
[lotopremio14pontos.site/wp-content/plugins/elementor/assets/js/frontend-modules.min10cb.js]
[lotopremio14pontos.site/wp-content/plugins/elementor-pro/assets/js/frontend.min49eb.js]
[lotopremio14pontos.site/wp-content/plugins/elementor/assets/lib/waypoints/waypoints.min05da.js]
[lotopremio14pontos.site/wp-includes/js/jquery/ui/core.min0028.js]
[lotopremio14pontos.site/wp-content/plugins/elementor/assets/js/frontend.min10cb.js]
[lotopremio14pontos.site/wp-content/plugins/elementor-pro/assets/js/elements-handlers.min49eb.js]
[www.loto-premio.com/index.html]
[www.loto-premio.com/site/elementor-icons-master/fonts/eiconsa481.svg]
[www.loto-premio.com/c.html]
[www.loto-premio.com/b.html]
[www.loto-premio.com/POST.html]
[www.loto-premio.com/-negative.html]
[www.loto-premio.com/OPR/index.html]
[www.loto-premio.com/assets/img/brand/favicon.html]
[www.loto-premio.com/OPR/assets/img/brand/favicon.html]
[www.loto-premio.com/assets/img/brand/assets/img/brand/favicon.html]
[www.loto-premio.com/OPR/assets/img/brand/assets/img/brand/favicon.html]
[www.loto-premio.com/assets/img/brand/assets/img/brand/assets/img/brand/favicon.html]
[www.loto-premio.com/OPR/assets/img/brand/assets/img/brand/assets/img/brand/favicon.html]
[www.loto-premio.com/assets/img/brand/assets/img/brand/assets/img/brand/assets/img/brand/favicon.html]
[www.loto-premio.com/OPR/assets/img/brand/assets/img/brand/assets/img/brand/assets/img/brand/favicon.html]
[www.loto-premio.com/assets/img/brand/assets/img/brand/assets/img/brand/assets/img/brand/assets/img/brand/favicon.html]
[www.loto-premio.com/OPR/assets/img/brand/assets/img/brand/assets/img/brand/assets/img/brand/assets/img/brand/favicon.html]
[www.loto-premio.com/assets/img/brand/assets/img/brand/assets/img/brand/assets/img/brand/assets/img/brand/assets/img/brand/favicon.html]
[www.loto-premio.com/OPR/assets/img/brand/assets/img/brand/assets/img/brand/assets/img/brand/assets/img/brand/assets/img/brand/favicon.html]
[www.loto-premio.com/assets/img/brand/assets/img/brand/assets/img/brand/assets/img/brand/assets/img/brand/assets/img/brand/assets/img/brand/favicon.html]
[www.loto-premio.com/OPR/assets/img/brand/assets/img/brand/assets/img/brand/assets/img/brand/assets/img/brand/assets/img/brand/assets/img/brand/favicon.html]
[www.loto-premio.com/assets/img/brand/assets/img/brand/assets/img/brand/assets/img/brand/assets/img/brand/assets/img/brand/assets/img/brand/assets/img/brand/favicon.html]
[www.loto-premio.com/OPR/assets/img/brand/assets/img/brand/assets/img/brand/assets/img/brand/assets/img/brand/assets/img/brand/assets/img/brand/assets/img/brand/favicon.html]
[www.loto-premio.com/assets/img/brand/assets/img/brand/assets/img/brand/assets/img/brand/assets/img/brand/assets/img/brand/assets/img/brand/assets/img/brand/assets/img/brand/favicon.html]
[www.loto-premio.com/OPR/assets/img/brand/assets/img/brand/assets/img/brand/assets/img/brand/assets/img/brand/assets/img/brand/assets/img/brand/assets/img/brand/assets/img/brand/favicon.html]
[www.loto-premio.com/assets/img/brand/assets/img/brand/assets/img/brand/assets/img/brand/assets/img/brand/assets/img/brand/assets/img/brand/assets/img/brand/assets/img/brand/assets/img/brand/favicon.html]
[www.loto-premio.com/OPR/assets/img/brand/assets/img/brand/assets/img/brand/assets/img/brand/assets/img/brand/assets/img/brand/assets/img/brand/assets/img/brand/assets/img/brand/assets/img/brand/favicon.html]
[www.loto-premio.com/assets/img/brand/assets/img/brand/assets/img/brand/assets/img/brand/assets/img/brand/assets/img/brand/assets/img/brand/assets/img/brand/assets/img/brand/assets/img/brand/assets/im/favicon.4b.delaye]
[www.loto-premio.com/OPR/assets/img/brand/assets/img/brand/assets/img/brand/assets/img/brand/assets/img/brand/assets/img/brand/assets/img/brand/assets/img/brand/assets/img/brand/assets/img/brand/asset/favicon.4c.delaye]
[www.loto-premio.com/assets/img/brand/assets/img/brand/assets/img/brand/assets/img/brand/assets/img/brand/assets/img/brand/assets/img/brand/assets/img/brand/assets/img/brand/assets/img/brand/assets/im/favicon.4d.delaye]
[www.loto-premio.com/OPR/assets/img/brand/assets/img/brand/assets/img/brand/assets/img/brand/assets/img/brand/assets/img/brand/assets/img/brand/assets/img/brand/assets/img/brand/assets/img/brand/asset/favicon.4e.delaye]
[www.loto-premio.com/assets/img/brand/assets/img/brand/assets/img/brand/assets/img/brand/assets/img/brand/assets/img/brand/assets/img/brand/assets/img/brand/assets/img/brand/assets/img/brand/assets/im/favicon.4f.delaye]
[www.loto-premio.com/OPR/assets/img/brand/assets/img/brand/assets/img/brand/assets/img/brand/assets/img/brand/assets/img/brand/assets/img/brand/assets/img/brand/assets/img/brand/assets/img/brand/asset/favicon.50.delaye]
[www.loto-premio.com/assets/img/brand/assets/img/brand/assets/img/brand/assets/img/brand/assets/img/brand/assets/img/brand/assets/img/brand/assets/img/brand/assets/img/brand/assets/img/brand/assets/im/favicon.51.delaye]
[www.loto-premio.com/OPR/assets/img/brand/assets/img/brand/assets/img/brand/assets/img/brand/assets/img/brand/assets/img/brand/assets/img/brand/assets/img/brand/assets/img/brand/assets/img/brand/asset/favicon.52.delaye]
[www.loto-premio.com/assets/img/brand/assets/img/brand/assets/img/brand/assets/img/brand/assets/img/brand/assets/img/brand/assets/img/brand/assets/img/brand/assets/img/brand/assets/img/brand/assets/im/favicon.53.delaye]
[www.loto-premio.com/OPR/assets/img/brand/assets/img/brand/assets/img/brand/assets/img/brand/assets/img/brand/assets/img/brand/assets/img/brand/assets/img/brand/assets/img/brand/assets/img/brand/asset/favicon.54.delaye]
[www.loto-premio.com/assets/img/brand/assets/img/brand/assets/img/brand/assets/img/brand/assets/img/brand/assets/img/brand/assets/img/brand/assets/img/brand/assets/img/brand/assets/img/brand/assets/im/favicon.55.delaye]
[www.loto-premio.com/OPR/assets/img/brand/assets/img/brand/assets/img/brand/assets/img/brand/assets/img/brand/assets/img/brand/assets/img/brand/assets/img/brand/assets/img/brand/assets/img/brand/asset/favicon.56.delaye]
[www.loto-premio.com/assets/img/brand/assets/img/brand/assets/img/brand/assets/img/brand/assets/img/brand/assets/img/brand/assets/img/brand/assets/img/brand/assets/img/brand/assets/img/brand/assets/im/favicon.57.delaye]
[www.loto-premio.com/OPR/assets/img/brand/assets/img/brand/assets/img/brand/assets/img/brand/assets/img/brand/assets/img/brand/assets/img/brand/assets/img/brand/assets/img/brand/assets/img/brand/asset/favicon.58.delaye]
[www.loto-premio.com/assets/img/brand/assets/img/brand/assets/img/brand/assets/img/brand/assets/img/brand/assets/img/brand/assets/img/brand/assets/img/brand/assets/img/brand/assets/img/brand/assets/im/favicon.59.delaye]
[www.loto-premio.com/OPR/assets/img/brand/assets/img/brand/assets/img/brand/assets/img/brand/assets/img/brand/assets/img/brand/assets/img/brand/assets/img/brand/assets/img/brand/assets/img/brand/asset/favicon.5a.delaye]
[www.loto-premio.com/assets/img/brand/assets/img/brand/assets/img/brand/assets/img/brand/assets/img/brand/assets/img/brand/assets/img/brand/assets/img/brand/assets/img/brand/assets/img/brand/assets/im/favicon.5b.delaye]
[www.loto-premio.com/OPR/assets/img/brand/assets/img/brand/assets/img/brand/assets/img/brand/assets/img/brand/assets/img/brand/assets/img/brand/assets/img/brand/assets/img/brand/assets/img/brand/asset/favicon.5c.delaye]
[www.loto-premio.com/assets/img/brand/assets/img/brand/assets/img/brand/assets/img/brand/assets/img/brand/assets/img/brand/assets/img/brand/assets/img/brand/assets/img/brand/assets/img/brand/assets/im/favicon.5d.delaye]
[www.loto-premio.com/OPR/assets/img/brand/assets/img/brand/assets/img/brand/assets/img/brand/assets/img/brand/assets/img/brand/assets/img/brand/assets/img/brand/assets/img/brand/assets/img/brand/asset/favicon.5e.delaye]
[www.loto-premio.com/assets/img/brand/assets/img/brand/assets/img/brand/assets/img/brand/assets/img/brand/assets/img/brand/assets/img/brand/assets/img/brand/assets/img/brand/assets/img/brand/assets/im/favicon.5f.delaye]
[www.loto-premio.com/OPR/assets/img/brand/assets/img/brand/assets/img/brand/assets/img/brand/assets/img/brand/assets/img/brand/assets/img/brand/assets/img/brand/assets/img/brand/assets/img/brand/asset/favicon.60.delaye]
[www.loto-premio.com/assets/img/brand/assets/img/brand/assets/img/brand/assets/img/brand/assets/img/brand/assets/img/brand/assets/img/brand/assets/img/brand/assets/img/brand/assets/img/brand/assets/im/favicon.61.delaye]
[www.loto-premio.com/OPR/assets/img/brand/assets/img/brand/assets/img/brand/assets/img/brand/assets/img/brand/assets/img/brand/assets/img/brand/assets/img/brand/assets/img/brand/assets/img/brand/asset/favicon.62.delaye]
[www.loto-premio.com/assets/img/brand/assets/img/brand/assets/img/brand/assets/img/brand/assets/img/brand/assets/img/brand/assets/img/brand/assets/img/brand/assets/img/brand/assets/img/brand/assets/im/favicon.63.delaye]
[www.loto-premio.com/OPR/assets/img/brand/assets/img/brand/assets/img/brand/assets/img/brand/assets/img/brand/assets/img/brand/assets/img/brand/assets/img/brand/assets/img/brand/assets/img/brand/asset/favicon.64.delaye]
[www.loto-premio.com/assets/img/brand/assets/img/brand/assets/img/brand/assets/img/brand/assets/img/brand/assets/img/brand/assets/img/brand/assets/img/brand/assets/img/brand/assets/img/brand/assets/im/favicon.65.delaye]
[www.loto-premio.com/OPR/assets/img/brand/assets/img/brand/assets/img/brand/assets/img/brand/assets/img/brand/assets/img/brand/assets/img/brand/assets/img/brand/assets/img/brand/assets/img/brand/asset/favicon.66.delaye]
[www.loto-premio.com/assets/img/brand/assets/img/brand/assets/img/brand/assets/img/brand/assets/img/brand/assets/img/brand/assets/img/brand/assets/img/brand/assets/img/brand/assets/img/brand/assets/im/favicon.67.delaye]
[www.loto-premio.com/OPR/assets/img/brand/assets/img/brand/assets/img/brand/assets/img/brand/assets/img/brand/assets/img/brand/assets/img/brand/assets/img/brand/assets/img/brand/assets/img/brand/asset/favicon.68.delaye]
[www.loto-premio.com/assets/img/brand/assets/img/brand/assets/img/brand/assets/img/brand/assets/img/brand/assets/img/brand/assets/img/brand/assets/img/brand/assets/img/brand/assets/img/brand/assets/im/favicon.69.delaye]
[www.loto-premio.com/OPR/assets/img/brand/assets/img/brand/assets/img/brand/assets/img/brand/assets/img/brand/assets/img/brand/assets/img/brand/assets/img/brand/assets/img/brand/assets/img/brand/asset/favicon.6a.delaye]
[www.loto-premio.com/assets/img/brand/assets/img/brand/assets/img/brand/assets/img/brand/assets/img/brand/assets/img/brand/assets/img/brand/assets/img/brand/assets/img/brand/assets/img/brand/assets/im/favicon.6b.delaye]
[www.loto-premio.com/OPR/assets/img/brand/assets/img/brand/assets/img/brand/assets/img/brand/assets/img/brand/assets/img/brand/assets/img/brand/assets/img/brand/assets/img/brand/assets/img/brand/asset/favicon.6c.delaye]
[www.loto-premio.com/assets/img/brand/assets/img/brand/assets/img/brand/assets/img/brand/assets/img/brand/assets/img/brand/assets/img/brand/assets/img/brand/assets/img/brand/assets/img/brand/assets/im/favicon.6d.delaye]
[www.loto-premio.com/OPR/assets/img/brand/assets/img/brand/assets/img/brand/assets/img/brand/assets/img/brand/assets/img/brand/assets/img/brand/assets/img/brand/assets/img/brand/assets/img/brand/asset/favicon.6e.delaye]
[www.loto-premio.com/assets/img/brand/assets/img/brand/assets/img/brand/assets/img/brand/assets/img/brand/assets/img/brand/assets/img/brand/assets/img/brand/assets/img/brand/assets/img/brand/assets/im/favicon.6f.delaye]
[www.loto-premio.com/OPR/assets/img/brand/assets/img/brand/assets/img/brand/assets/img/brand/assets/img/brand/assets/img/brand/assets/img/brand/assets/img/brand/assets/img/brand/assets/img/brand/asset/favicon.70.delaye]
[www.loto-premio.com/assets/img/brand/assets/img/brand/assets/img/brand/assets/img/brand/assets/img/brand/assets/img/brand/assets/img/brand/assets/img/brand/assets/img/brand/assets/img/brand/assets/im/favicon.71.delaye]
[www.loto-premio.com/OPR/assets/img/brand/assets/img/brand/assets/img/brand/assets/img/brand/assets/img/brand/assets/img/brand/assets/img/brand/assets/img/brand/assets/img/brand/assets/img/brand/asset/favicon.72.delaye]
[www.loto-premio.com/assets/img/brand/assets/img/brand/assets/img/brand/assets/img/brand/assets/img/brand/assets/img/brand/assets/img/brand/assets/img/brand/assets/img/brand/assets/img/brand/assets/im/favicon.73.delaye]
[www.loto-premio.com/OPR/assets/img/brand/assets/img/brand/assets/img/brand/assets/img/brand/assets/img/brand/assets/img/brand/assets/img/brand/assets/img/brand/assets/img/brand/assets/img/brand/asset/favicon.74.delaye]
[www.loto-premio.com/assets/img/brand/assets/img/brand/assets/img/brand/assets/img/brand/assets/img/brand/assets/img/brand/assets/img/brand/assets/img/brand/assets/img/brand/assets/img/brand/assets/im/favicon.75.delaye]
[www.loto-premio.com/OPR/assets/img/brand/assets/img/brand/assets/img/brand/assets/img/brand/assets/img/brand/assets/img/brand/assets/img/brand/assets/img/brand/assets/img/brand/assets/img/brand/asset/favicon.76.delaye]
[www.loto-premio.com/assets/img/brand/assets/img/brand/assets/img/brand/assets/img/brand/assets/img/brand/assets/img/brand/assets/img/brand/assets/img/brand/assets/img/brand/assets/img/brand/assets/im/favicon.77.delaye]
[www.loto-premio.com/OPR/assets/img/brand/assets/img/brand/assets/img/brand/assets/img/brand/assets/img/brand/assets/img/brand/assets/img/brand/assets/img/brand/assets/img/brand/assets/img/brand/asset/favicon.78.delaye]
[www.loto-premio.com/assets/img/brand/assets/img/brand/assets/img/brand/assets/img/brand/assets/img/brand/assets/img/brand/assets/img/brand/assets/img/brand/assets/img/brand/assets/img/brand/assets/im/favicon.79.delaye]
[www.loto-premio.com/OPR/assets/img/brand/assets/img/brand/assets/img/brand/assets/img/brand/assets/img/brand/assets/img/brand/assets/img/brand/assets/img/brand/assets/img/brand/assets/img/brand/asset/favicon.7a.delaye]
[www.loto-premio.com/assets/img/brand/assets/img/brand/assets/img/brand/assets/img/brand/assets/img/brand/assets/img/brand/assets/img/brand/assets/img/brand/assets/img/brand/assets/img/brand/assets/im/favicon.7b.delaye]
[www.loto-premio.com/OPR/assets/img/brand/assets/img/brand/assets/img/brand/assets/img/brand/assets/img/brand/assets/img/brand/assets/img/brand/assets/img/brand/assets/img/brand/assets/img/brand/asset/favicon.7c.delaye]
[www.loto-premio.com/assets/img/brand/assets/img/brand/assets/img/brand/assets/img/brand/assets/img/brand/assets/img/brand/assets/img/brand/assets/img/brand/assets/img/brand/assets/img/brand/assets/im/favicon.7d.delaye]
[www.loto-premio.com/OPR/assets/img/brand/assets/img/brand/assets/img/brand/assets/img/brand/assets/img/brand/assets/img/brand/assets/img/brand/assets/img/brand/assets/img/brand/assets/img/brand/asset/favicon.7e.delaye]
[www.loto-premio.com/assets/img/brand/assets/img/brand/assets/img/brand/assets/img/brand/assets/img/brand/assets/img/brand/assets/img/brand/assets/img/brand/assets/img/brand/assets/img/brand/assets/im/favicon.7f.delaye]
[www.loto-premio.com/OPR/assets/img/brand/assets/img/brand/assets/img/brand/assets/img/brand/assets/img/brand/assets/img/brand/assets/img/brand/assets/img/brand/assets/img/brand/assets/img/brand/asset/favicon.80.delaye]
[www.loto-premio.com/assets/img/brand/assets/img/brand/assets/img/brand/assets/img/brand/assets/img/brand/assets/img/brand/assets/img/brand/assets/img/brand/assets/img/brand/assets/img/brand/assets/im/favicon.81.delaye]
[www.loto-premio.com/OPR/assets/img/brand/assets/img/brand/assets/img/brand/assets/img/brand/assets/img/brand/assets/img/brand/assets/img/brand/assets/img/brand/assets/img/brand/assets/img/brand/asset/favicon.82.delaye]
[www.loto-premio.com/assets/img/brand/assets/img/brand/assets/img/brand/assets/img/brand/assets/img/brand/assets/img/brand/assets/img/brand/assets/img/brand/assets/img/brand/assets/img/brand/assets/im/favicon.83.delaye]
[www.loto-premio.com/OPR/assets/img/brand/assets/img/brand/assets/img/brand/assets/img/brand/assets/img/brand/assets/img/brand/assets/img/brand/assets/img/brand/assets/img/brand/assets/img/brand/asset/favicon.84.delaye]
[www.loto-premio.com/assets/img/brand/assets/img/brand/assets/img/brand/assets/img/brand/assets/img/brand/assets/img/brand/assets/img/brand/assets/img/brand/assets/img/brand/assets/img/brand/assets/im/favicon.85.delaye]
[www.loto-premio.com/OPR/assets/img/brand/assets/img/brand/assets/img/brand/assets/img/brand/assets/img/brand/assets/img/brand/assets/img/brand/assets/img/brand/assets/img/brand/assets/img/brand/asset/favicon.86.delaye]
[www.loto-premio.com/assets/img/brand/assets/img/brand/assets/img/brand/assets/img/brand/assets/img/brand/assets/img/brand/assets/img/brand/assets/img/brand/assets/img/brand/assets/img/brand/assets/im/favicon.87.delaye]
[www.loto-premio.com/OPR/assets/img/brand/assets/img/brand/assets/img/brand/assets/img/brand/assets/img/brand/assets/img/brand/assets/img/brand/assets/img/brand/assets/img/brand/assets/img/brand/asset/favicon.88.delaye]
